Watching for file changes with StatReloader
"GET /reports/payments/ HTTP/1.1" 200 372707
"GET /reports/payments/ HTTP/1.1" 200 372707
"GET /teachers/rooms/ HTTP/1.1" 200 45818
"GET /teachers/api/rooms/6/ HTTP/1.1" 200 925
"GET /teachers/api/rooms/2/ HTTP/1.1" 200 251
"GET /teachers/api/rooms/7/ HTTP/1.1" 200 1010
"GET /teachers/api/rooms/1/ HTTP/1.1" 200 1546
"GET /teachers/api/rooms/8/ HTTP/1.1" 200 1593
"GET /teachers/api/rooms/3/ HTTP/1.1" 200 927
"GET /teachers/api/rooms/4/ HTTP/1.1" 200 2322
"GET /teachers/api/rooms/5/ HTTP/1.1" 200 251
"GET /teachers/groups/ HTTP/1.1" 200 31036
"GET /teachers/rooms/ HTTP/1.1" 200 45818
"GET /teachers/api/rooms/6/ HTTP/1.1" 200 925
"GET /teachers/api/rooms/3/ HTTP/1.1" 200 927
"GET /teachers/api/rooms/2/ HTTP/1.1" 200 251
"GET /teachers/api/rooms/7/ HTTP/1.1" 200 1010
"GET /teachers/api/rooms/1/ HTTP/1.1" 200 1546
"GET /teachers/api/rooms/5/ HTTP/1.1" 200 251
"GET /teachers/api/rooms/8/ HTTP/1.1" 200 1593
"GET /teachers/api/rooms/4/ HTTP/1.1" 200 2322
"GET /teachers/ HTTP/1.1" 200 25520
"GET /teachers/rooms/ HTTP/1.1" 200 45818
"GET /teachers/api/rooms/6/ HTTP/1.1" 200 925
"GET /teachers/api/rooms/2/ HTTP/1.1" 200 251
"GET /teachers/api/rooms/7/ HTTP/1.1" 200 1010
"GET /teachers/api/rooms/1/ HTTP/1.1" 200 1546
"GET /teachers/api/rooms/3/ HTTP/1.1" 200 927
"GET /teachers/api/rooms/8/ HTTP/1.1" 200 1593
"GET /teachers/api/rooms/5/ HTTP/1.1" 200 251
"GET /teachers/api/rooms/4/ HTTP/1.1" 200 2322
"GET /teachers/rooms/create/ HTTP/1.1" 200 13935
"GET /teachers/rooms/ HTTP/1.1" 200 45818
"GET /teachers/api/rooms/2/ HTTP/1.1" 200 251
"GET /teachers/api/rooms/6/ HTTP/1.1" 200 925
"GET /teachers/api/rooms/3/ HTTP/1.1" 200 927
"GET /teachers/api/rooms/8/ HTTP/1.1" 200 1593
"GET /teachers/api/rooms/1/ HTTP/1.1" 200 1546
"GET /teachers/api/rooms/7/ HTTP/1.1" 200 1010
"GET /teachers/api/rooms/5/ HTTP/1.1" 200 251
"GET /teachers/api/rooms/4/ HTTP/1.1" 200 2322
"GET /teachers/groups/ HTTP/1.1" 200 31036
"GET /teachers/rooms/ HTTP/1.1" 200 45818
"GET /teachers/api/rooms/2/ HTTP/1.1" 200 251
"GET /teachers/api/rooms/3/ HTTP/1.1" 200 927
"GET /teachers/api/rooms/6/ HTTP/1.1" 200 925
"GET /teachers/api/rooms/8/ HTTP/1.1" 200 1593
"GET /teachers/api/rooms/7/ HTTP/1.1" 200 1010
"GET /teachers/api/rooms/1/ HTTP/1.1" 200 1546
"GET /teachers/api/rooms/4/ HTTP/1.1" 200 2322
"GET /teachers/api/rooms/5/ HTTP/1.1" 200 251
"GET /teachers/rooms/8/ HTTP/1.1" 200 26774
"GET /teachers/rooms/ HTTP/1.1" 200 45818
"GET /teachers/api/rooms/2/ HTTP/1.1" 200 251
"GET /teachers/api/rooms/8/ HTTP/1.1" 200 1593
"GET /teachers/api/rooms/3/ HTTP/1.1" 200 927
"GET /teachers/api/rooms/6/ HTTP/1.1" 200 925
"GET /teachers/api/rooms/7/ HTTP/1.1" 200 1010
"GET /teachers/api/rooms/1/ HTTP/1.1" 200 1546
"GET /teachers/api/rooms/5/ HTTP/1.1" 200 251
"GET /teachers/api/rooms/4/ HTTP/1.1" 200 2322
"GET /teachers/ HTTP/1.1" 200 25520
"GET /payments/ HTTP/1.1" 200 417705
"GET /teachers/ HTTP/1.1" 200 25520
"GET /teachers/ HTTP/1.1" 200 25816
"GET /teachers/rooms/ HTTP/1.1" 200 46596
"GET /teachers/api/rooms/6/ HTTP/1.1" 200 925
"GET /teachers/api/rooms/2/ HTTP/1.1" 200 251
"GET /teachers/api/rooms/7/ HTTP/1.1" 200 1010
"GET /teachers/api/rooms/5/ HTTP/1.1" 200 251
"GET /teachers/api/rooms/3/ HTTP/1.1" 200 927
"GET /teachers/api/rooms/1/ HTTP/1.1" 200 1546
"GET /teachers/api/rooms/8/ HTTP/1.1" 200 1593
"GET /teachers/api/rooms/4/ HTTP/1.1" 200 2322
"GET /attendance/scanner/ HTTP/1.1" 200 57589
"GET /attendance/api/today-stats/ HTTP/1.1" 200 72
"GET /attendance/api/today-sessions/ HTTP/1.1" 200 397
"GET /students/ HTTP/1.1" 200 68797
"GET /students/create/ HTTP/1.1" 200 18985
"GET /students/ HTTP/1.1" 200 68797
"GET /students/55/ HTTP/1.1" 200 16641
"GET /students/55/update/ HTTP/1.1" 200 19062
"GET /students/ HTTP/1.1" 200 68797
"GET /reports/ HTTP/1.1" 200 27866
"GET /attendance/scanner/ HTTP/1.1" 200 57433
"GET /attendance/api/today-stats/ HTTP/1.1" 200 72
"GET /attendance/api/today-sessions/ HTTP/1.1" 200 397
"GET /attendance/scanner/ HTTP/1.1" 200 57433
"GET /attendance/api/today-stats/ HTTP/1.1" 200 72
"GET /attendance/api/today-sessions/ HTTP/1.1" 200 397
"GET /students/ HTTP/1.1" 200 68797
"GET / HTTP/1.1" 302 0
/Users/hamdy/Desktop/Work Code/My Project Code/SYSeducore/apps/students/views.py changed, reloading.
Performing system checks...

System check identified no issues (0 silenced).
February 02, 2026 - 16:11:17
Django version 5.2.10, using settings 'config.settings'
Starting development server at http://127.0.0.1:8000/
Quit the server with CONTROL-C.

WARNING: This is a development server. Do not use it in a production setting. Use a production WSGI or ASGI server instead.
For more information on production servers see: https://docs.djangoproject.com/en/5.2/howto/deployment/
Watching for file changes with StatReloader
/Users/hamdy/Desktop/Work Code/My Project Code/SYSeducore/apps/students/urls.py changed, reloading.
Performing system checks...

System check identified no issues (0 silenced).
February 02, 2026 - 16:22:28
Django version 5.2.10, using settings 'config.settings'
Starting development server at http://127.0.0.1:8000/
Quit the server with CONTROL-C.

WARNING: This is a development server. Do not use it in a production setting. Use a production WSGI or ASGI server instead.
For more information on production servers see: https://docs.djangoproject.com/en/5.2/howto/deployment/
Watching for file changes with StatReloader
Exception in thread django-main-thread:
Traceback (most recent call last):
  File "/Library/Frameworks/Python.framework/Versions/3.14/lib/python3.14/threading.py", line 1082, in _bootstrap_inner
    self._context.run(self.run)
    ~~~~~~~~~~~~~~~~~^^^^^^^^^^
  File "/Library/Frameworks/Python.framework/Versions/3.14/lib/python3.14/threading.py", line 1024, in run
    self._target(*self._args, **self._kwargs)
    ~~~~~~~~~~~~^^^^^^^^^^^^^^^^^^^^^^^^^^^^^
  File "/Users/hamdy/Desktop/Work Code/My Project Code/SYSeducore/.venv/lib/python3.14/site-packages/django/utils/autoreload.py", line 64, in wrapper
    fn(*args, **kwargs)
    ~~^^^^^^^^^^^^^^^^^
  File "/Users/hamdy/Desktop/Work Code/My Project Code/SYSeducore/.venv/lib/python3.14/site-packages/django/core/management/commands/runserver.py", line 134, in inner_run
    self.check(**check_kwargs)
    ~~~~~~~~~~^^^^^^^^^^^^^^^^
  File "/Users/hamdy/Desktop/Work Code/My Project Code/SYSeducore/.venv/lib/python3.14/site-packages/django/core/management/base.py", line 496, in check
    all_issues = checks.run_checks(
        app_configs=app_configs,
    ...<2 lines>...
        databases=databases,
    )
  File "/Users/hamdy/Desktop/Work Code/My Project Code/SYSeducore/.venv/lib/python3.14/site-packages/django/core/checks/registry.py", line 89, in run_checks
    new_errors = check(app_configs=app_configs, databases=databases)
  File "/Users/hamdy/Desktop/Work Code/My Project Code/SYSeducore/.venv/lib/python3.14/site-packages/django/core/checks/urls.py", line 16, in check_url_config
    return check_resolver(resolver)
  File "/Users/hamdy/Desktop/Work Code/My Project Code/SYSeducore/.venv/lib/python3.14/site-packages/django/core/checks/urls.py", line 26, in check_resolver
    return check_method()
  File "/Users/hamdy/Desktop/Work Code/My Project Code/SYSeducore/.venv/lib/python3.14/site-packages/django/urls/resolvers.py", line 531, in check
    for pattern in self.url_patterns:
                   ^^^^^^^^^^^^^^^^^
  File "/Users/hamdy/Desktop/Work Code/My Project Code/SYSeducore/.venv/lib/python3.14/site-packages/django/utils/functional.py", line 47, in __get__
    res = instance.__dict__[self.name] = self.func(instance)
                                         ~~~~~~~~~^^^^^^^^^^
  File "/Users/hamdy/Desktop/Work Code/My Project Code/SYSeducore/.venv/lib/python3.14/site-packages/django/urls/resolvers.py", line 718, in url_patterns
    patterns = getattr(self.urlconf_module, "urlpatterns", self.urlconf_module)
                       ^^^^^^^^^^^^^^^^^^^
  File "/Users/hamdy/Desktop/Work Code/My Project Code/SYSeducore/.venv/lib/python3.14/site-packages/django/utils/functional.py", line 47, in __get__
    res = instance.__dict__[self.name] = self.func(instance)
                                         ~~~~~~~~~^^^^^^^^^^
  File "/Users/hamdy/Desktop/Work Code/My Project Code/SYSeducore/.venv/lib/python3.14/site-packages/django/urls/resolvers.py", line 711, in urlconf_module
    return import_module(self.urlconf_name)
  File "/Library/Frameworks/Python.framework/Versions/3.14/lib/python3.14/importlib/__init__.py", line 88, in import_module
    return _bootstrap._gcd_import(name[level:], package, level)
           ~~~~~~~~~~~~~~~~~~~~~~^^^^^^^^^^^^^^^^^^^^^^^^^^^^^^
  File "<frozen importlib._bootstrap>", line 1398, in _gcd_import
  File "<frozen importlib._bootstrap>", line 1371, in _find_and_load
  File "<frozen importlib._bootstrap>", line 1342, in _find_and_load_unlocked
  File "<frozen importlib._bootstrap>", line 938, in _load_unlocked
  File "<frozen importlib._bootstrap_external>", line 759, in exec_module
  File "<frozen importlib._bootstrap>", line 491, in _call_with_frames_removed
  File "/Users/hamdy/Desktop/Work Code/My Project Code/SYSeducore/config/urls.py", line 19, in <module>
    path('students/', include('apps.students.urls')),
                      ~~~~~~~^^^^^^^^^^^^^^^^^^^^^^
  File "/Users/hamdy/Desktop/Work Code/My Project Code/SYSeducore/.venv/lib/python3.14/site-packages/django/urls/conf.py", line 39, in include
    urlconf_module = import_module(urlconf_module)
  File "/Library/Frameworks/Python.framework/Versions/3.14/lib/python3.14/importlib/__init__.py", line 88, in import_module
    return _bootstrap._gcd_import(name[level:], package, level)
           ~~~~~~~~~~~~~~~~~~~~~~^^^^^^^^^^^^^^^^^^^^^^^^^^^^^^
  File "<frozen importlib._bootstrap>", line 1398, in _gcd_import
  File "<frozen importlib._bootstrap>", line 1371, in _find_and_load
  File "<frozen importlib._bootstrap>", line 1342, in _find_and_load_unlocked
  File "<frozen importlib._bootstrap>", line 938, in _load_unlocked
  File "<frozen importlib._bootstrap_external>", line 759, in exec_module
  File "<frozen importlib._bootstrap>", line 491, in _call_with_frames_removed
  File "/Users/hamdy/Desktop/Work Code/My Project Code/SYSeducore/apps/students/urls.py", line 2, in <module>
    from . import views, api_views
  File "/Users/hamdy/Desktop/Work Code/My Project Code/SYSeducore/apps/students/api_views.py", line 15, in <module>
    import qrcode
ModuleNotFoundError: No module named 'qrcode'
/Users/hamdy/Desktop/Work Code/My Project Code/SYSeducore/apps/students/models.py changed, reloading.
Performing system checks...

Watching for file changes with StatReloader
Exception in thread django-main-thread:
Traceback (most recent call last):
  File "/Library/Frameworks/Python.framework/Versions/3.14/lib/python3.14/threading.py", line 1082, in _bootstrap_inner
    self._context.run(self.run)
    ~~~~~~~~~~~~~~~~~^^^^^^^^^^
  File "/Library/Frameworks/Python.framework/Versions/3.14/lib/python3.14/threading.py", line 1024, in run
    self._target(*self._args, **self._kwargs)
    ~~~~~~~~~~~~^^^^^^^^^^^^^^^^^^^^^^^^^^^^^
  File "/Users/hamdy/Desktop/Work Code/My Project Code/SYSeducore/.venv/lib/python3.14/site-packages/django/utils/autoreload.py", line 64, in wrapper
    fn(*args, **kwargs)
    ~~^^^^^^^^^^^^^^^^^
  File "/Users/hamdy/Desktop/Work Code/My Project Code/SYSeducore/.venv/lib/python3.14/site-packages/django/core/management/commands/runserver.py", line 124, in inner_run
    autoreload.raise_last_exception()
    ~~~~~~~~~~~~~~~~~~~~~~~~~~~~~~~^^
  File "/Users/hamdy/Desktop/Work Code/My Project Code/SYSeducore/.venv/lib/python3.14/site-packages/django/utils/autoreload.py", line 86, in raise_last_exception
    raise _exception[1]
  File "/Users/hamdy/Desktop/Work Code/My Project Code/SYSeducore/.venv/lib/python3.14/site-packages/django/core/management/__init__.py", line 394, in execute
    autoreload.check_errors(django.setup)()
    ~~~~~~~~~~~~~~~~~~~~~~~~~~~~~~~~~~~~~^^
  File "/Users/hamdy/Desktop/Work Code/My Project Code/SYSeducore/.venv/lib/python3.14/site-packages/django/utils/autoreload.py", line 64, in wrapper
    fn(*args, **kwargs)
    ~~^^^^^^^^^^^^^^^^^
  File "/Users/hamdy/Desktop/Work Code/My Project Code/SYSeducore/.venv/lib/python3.14/site-packages/django/__init__.py", line 24, in setup
    apps.populate(settings.INSTALLED_APPS)
    ~~~~~~~~~~~~~^^^^^^^^^^^^^^^^^^^^^^^^^
  File "/Users/hamdy/Desktop/Work Code/My Project Code/SYSeducore/.venv/lib/python3.14/site-packages/django/apps/registry.py", line 116, in populate
    app_config.import_models()
    ~~~~~~~~~~~~~~~~~~~~~~~~^^
  File "/Users/hamdy/Desktop/Work Code/My Project Code/SYSeducore/.venv/lib/python3.14/site-packages/django/apps/config.py", line 269, in import_models
    self.models_module = import_module(models_module_name)
                         ~~~~~~~~~~~~~^^^^^^^^^^^^^^^^^^^^
  File "/Library/Frameworks/Python.framework/Versions/3.14/lib/python3.14/importlib/__init__.py", line 88, in import_module
    return _bootstrap._gcd_import(name[level:], package, level)
           ~~~~~~~~~~~~~~~~~~~~~~^^^^^^^^^^^^^^^^^^^^^^^^^^^^^^
  File "<frozen importlib._bootstrap>", line 1398, in _gcd_import
  File "<frozen importlib._bootstrap>", line 1371, in _find_and_load
  File "<frozen importlib._bootstrap>", line 1342, in _find_and_load_unlocked
  File "<frozen importlib._bootstrap>", line 938, in _load_unlocked
  File "<frozen importlib._bootstrap_external>", line 759, in exec_module
  File "<frozen importlib._bootstrap>", line 491, in _call_with_frames_removed
  File "/Users/hamdy/Desktop/Work Code/My Project Code/SYSeducore/apps/students/models.py", line 6, in <module>
    import qrcode
ModuleNotFoundError: No module named 'qrcode'
/Users/hamdy/Desktop/Work Code/My Project Code/SYSeducore/apps/students/models.py changed, reloading.
Watching for file changes with StatReloader
Error: That port is already in use.
